#-----------------------------------------------------------
# Vivado v2023.1 (64-bit)
# SW Build 3865809 on Sun May  7 15:05:29 MDT 2023
# IP Build 3864474 on Sun May  7 20:36:21 MDT 2023
# SharedData Build 3865790 on Sun May 07 13:33:03 MDT 2023
# Start of session at: Sun Apr  6 11:53:53 2025
# Process ID: 205544
# Current directory: C:/Users/qubeck/Documents/Development/ProjektyVHDL/Zynq7020CoreBoard/tangerineNX_Z7/tangerineNX_Z7.runs/i2sControllerFifo_synth_1
# Command line: vivado.exe -log i2sControllerFifo.vds -product Vivado -mode batch -messageDb vivado.pb -notrace -source i2sControllerFifo.tcl
# Log file: C:/Users/qubeck/Documents/Development/ProjektyVHDL/Zynq7020CoreBoard/tangerineNX_Z7/tangerineNX_Z7.runs/i2sControllerFifo_synth_1/i2sControllerFifo.vds
# Journal file: C:/Users/qubeck/Documents/Development/ProjektyVHDL/Zynq7020CoreBoard/tangerineNX_Z7/tangerineNX_Z7.runs/i2sControllerFifo_synth_1\vivado.jou
# Running On: DESKTOP-T3E75FC, OS: Windows, CPU Frequency: 4491 MHz, CPU Physical cores: 32, Host memory: 33513 MB
#-----------------------------------------------------------
source i2sControllerFifo.tcl -notrace
